// Jest Snapshot v1, https://goo.gl/fbAQLP

exports[`Header matches snapshot 1`] = `
ShallowWrapper {
  "length": 1,
  Symbol(enzyme.__root__): [Circular],
  Symbol(enzyme.__unrendered__): <Header
    currentTemperature="17"
    location="Newcastle-upon-Tyne"
/>,
  Symbol(enzyme.__renderer__): Object {
    "batchedUpdates": [Function],
    "getNode": [Function],
    "render": [Function],
    "simulateEvent": [Function],
    "unmount": [Function],
  },
  Symbol(enzyme.__node__): Object {
    "instance": null,
    "key": undefined,
    "nodeType": "host",
    "props": Object {
      "children": Array [
        <h1
          className="app-title"
>
          Weather for 
          Newcastle-upon-Tyne
</h1>,
        <p
          id="current-temp"
>
          17
</p>,
      ],
    },
    "ref": null,
    "rendered": Array [
      Object {
        "instance": null,
        "key": undefined,
        "nodeType": "host",
        "props": Object {
          "children": Array [
            "Weather for ",
            "Newcastle-upon-Tyne",
          ],
          "className": "app-title",
        },
        "ref": null,
        "rendered": Array [
          "Weather for ",
          "Newcastle-upon-Tyne",
        ],
        "type": "h1",
      },
      Object {
        "instance": null,
        "key": undefined,
        "nodeType": "host",
        "props": Object {
          "children": "17",
          "id": "current-temp",
        },
        "ref": null,
        "rendered": "17",
        "type": "p",
      },
    ],
    "type": "header",
  },
  Symbol(enzyme.__nodes__): Array [
    Object {
      "instance": null,
      "key": undefined,
      "nodeType": "host",
      "props": Object {
        "children": Array [
          <h1
            className="app-title"
>
            Weather for 
            Newcastle-upon-Tyne
</h1>,
          <p
            id="current-temp"
>
            17
</p>,
        ],
      },
      "ref": null,
      "rendered": Array [
        Object {
          "instance": null,
          "key": undefined,
          "nodeType": "host",
          "props": Object {
            "children": Array [
              "Weather for ",
              "Newcastle-upon-Tyne",
            ],
            "className": "app-title",
          },
          "ref": null,
          "rendered": Array [
            "Weather for ",
            "Newcastle-upon-Tyne",
          ],
          "type": "h1",
        },
        Object {
          "instance": null,
          "key": undefined,
          "nodeType": "host",
          "props": Object {
            "children": "17",
            "id": "current-temp",
          },
          "ref": null,
          "rendered": "17",
          "type": "p",
        },
      ],
      "type": "header",
    },
  ],
  Symbol(enzyme.__options__): Object {
    "adapter": ReactSixteenAdapter {
      "options": Object {
        "enableComponentDidUpdateOnSetState": true,
      },
    },
  },
}
`;
